[2026-08-09 15:24:58] backup start → mongo_20260809_1524 (db=test_database)
2026-08-09T15:24:58.485+0000	writing `test_database.engines` to `/app/backups/mongo_20260809_1524/test_database/engines.bson`
2026-08-09T15:24:58.485+0000	writing `test_database.users` to `/app/backups/mongo_20260809_1524/test_database/users.bson`
2026-08-09T15:24:58.485+0000	writing `test_database.computed_routes` to `/app/backups/mongo_20260809_1524/test_database/computed_routes.bson`
2026-08-09T15:24:58.485+0000	writing `test_database.friend_requests` to `/app/backups/mongo_20260809_1524/test_database/friend_requests.bson`
2026-08-09T15:24:58.486+0000	done dumping `test_database.computed_routes` (0 documents)
2026-08-09T15:24:58.486+0000	writing `test_database.support_screenshots` to `/app/backups/mongo_20260809_1524/test_database/support_screenshots.bson`
2026-08-09T15:24:58.486+0000	done dumping `test_database.users` (1 document)
2026-08-09T15:24:58.486+0000	writing `test_database.user_sessions` to `/app/backups/mongo_20260809_1524/test_database/user_sessions.bson`
2026-08-09T15:24:58.486+0000	done dumping `test_database.engines` (3 documents)
2026-08-09T15:24:58.487+0000	writing `test_database.otp_codes` to `/app/backups/mongo_20260809_1524/test_database/otp_codes.bson`
2026-08-09T15:24:58.487+0000	done dumping `test_database.friend_requests` (0 documents)
2026-08-09T15:24:58.487+0000	writing `test_database.notifications` to `/app/backups/mongo_20260809_1524/test_database/notifications.bson`
2026-08-09T15:24:58.487+0000	done dumping `test_database.support_screenshots` (0 documents)
2026-08-09T15:24:58.487+0000	writing `test_database.wind_cache` to `/app/backups/mongo_20260809_1524/test_database/wind_cache.bson`
2026-08-09T15:24:58.487+0000	done dumping `test_database.wind_cache` (0 documents)
2026-08-09T15:24:58.487+0000	done dumping `test_database.user_sessions` (0 documents)
2026-08-09T15:24:58.487+0000	writing `test_database.referrals` to `/app/backups/mongo_20260809_1524/test_database/referrals.bson`
2026-08-09T15:24:58.487+0000	writing `test_database.groups` to `/app/backups/mongo_20260809_1524/test_database/groups.bson`
2026-08-09T15:24:58.487+0000	done dumping `test_database.otp_codes` (0 documents)
2026-08-09T15:24:58.487+0000	writing `test_database.group_invitations` to `/app/backups/mongo_20260809_1524/test_database/group_invitations.bson`
2026-08-09T15:24:58.487+0000	done dumping `test_database.notifications` (0 documents)
2026-08-09T15:24:58.487+0000	writing `test_database.reports` to `/app/backups/mongo_20260809_1524/test_database/reports.bson`
2026-08-09T15:24:58.487+0000	done dumping `test_database.groups` (0 documents)
2026-08-09T15:24:58.487+0000	writing `test_database.points_history` to `/app/backups/mongo_20260809_1524/test_database/points_history.bson`
2026-08-09T15:24:58.487+0000	done dumping `test_database.referrals` (0 documents)
2026-08-09T15:24:58.487+0000	writing `test_database.group_members` to `/app/backups/mongo_20260809_1524/test_database/group_members.bson`
2026-08-09T15:24:58.487+0000	done dumping `test_database.reports` (0 documents)
2026-08-09T15:24:58.487+0000	writing `test_database.report_messages` to `/app/backups/mongo_20260809_1524/test_database/report_messages.bson`
2026-08-09T15:24:58.487+0000	done dumping `test_database.group_invitations` (0 documents)
2026-08-09T15:24:58.487+0000	done dumping `test_database.points_history` (0 documents)
2026-08-09T15:24:58.488+0000	done dumping `test_database.report_messages` (0 documents)
2026-08-09T15:24:58.488+0000	done dumping `test_database.group_members` (0 documents)
[2026-08-09 15:24:58] backup OK → mongo_20260809_1524.tar.gz (4.0K)
[2026-08-10 16:30:07] backup start → mongo_20260810_1630 (db=test_database)
2026-08-10T16:30:07.290+0000	writing `test_database.computed_routes` to `/app/backups/mongo_20260810_1630/test_database/computed_routes.bson`
2026-08-10T16:30:07.291+0000	writing `test_database.engines` to `/app/backups/mongo_20260810_1630/test_database/engines.bson`
2026-08-10T16:30:07.291+0000	writing `test_database.points_history` to `/app/backups/mongo_20260810_1630/test_database/points_history.bson`
2026-08-10T16:30:07.291+0000	writing `test_database.users` to `/app/backups/mongo_20260810_1630/test_database/users.bson`
2026-08-10T16:30:07.292+0000	done dumping `test_database.engines` (4 documents)
2026-08-10T16:30:07.292+0000	writing `test_database.reports` to `/app/backups/mongo_20260810_1630/test_database/reports.bson`
2026-08-10T16:30:07.293+0000	done dumping `test_database.users` (3 documents)
2026-08-10T16:30:07.293+0000	writing `test_database.beta_testers` to `/app/backups/mongo_20260810_1630/test_database/beta_testers.bson`
2026-08-10T16:30:07.293+0000	done dumping `test_database.reports` (1 document)
2026-08-10T16:30:07.293+0000	writing `test_database.notifications` to `/app/backups/mongo_20260810_1630/test_database/notifications.bson`
2026-08-10T16:30:07.299+0000	done dumping `test_database.points_history` (4 documents)
2026-08-10T16:30:07.299+0000	writing `test_database.wind_cache` to `/app/backups/mongo_20260810_1630/test_database/wind_cache.bson`
2026-08-10T16:30:07.305+0000	done dumping `test_database.notifications` (0 documents)
2026-08-10T16:30:07.305+0000	writing `test_database.support_screenshots` to `/app/backups/mongo_20260810_1630/test_database/support_screenshots.bson`
2026-08-10T16:30:07.306+0000	done dumping `test_database.wind_cache` (0 documents)
2026-08-10T16:30:07.306+0000	writing `test_database.friend_requests` to `/app/backups/mongo_20260810_1630/test_database/friend_requests.bson`
2026-08-10T16:30:07.309+0000	done dumping `test_database.computed_routes` (93 documents)
2026-08-10T16:30:07.309+0000	writing `test_database.referrals` to `/app/backups/mongo_20260810_1630/test_database/referrals.bson`
2026-08-10T16:30:07.309+0000	done dumping `test_database.beta_testers` (1 document)
2026-08-10T16:30:07.309+0000	writing `test_database.group_invitations` to `/app/backups/mongo_20260810_1630/test_database/group_invitations.bson`
2026-08-10T16:30:07.310+0000	done dumping `test_database.support_screenshots` (0 documents)
2026-08-10T16:30:07.310+0000	writing `test_database.otp_codes` to `/app/backups/mongo_20260810_1630/test_database/otp_codes.bson`
2026-08-10T16:30:07.310+0000	done dumping `test_database.friend_requests` (0 documents)
2026-08-10T16:30:07.310+0000	writing `test_database.groups` to `/app/backups/mongo_20260810_1630/test_database/groups.bson`
2026-08-10T16:30:07.310+0000	done dumping `test_database.referrals` (0 documents)
2026-08-10T16:30:07.310+0000	writing `test_database.user_sessions` to `/app/backups/mongo_20260810_1630/test_database/user_sessions.bson`
2026-08-10T16:30:07.311+0000	done dumping `test_database.otp_codes` (0 documents)
2026-08-10T16:30:07.311+0000	writing `test_database.group_members` to `/app/backups/mongo_20260810_1630/test_database/group_members.bson`
2026-08-10T16:30:07.311+0000	done dumping `test_database.user_sessions` (0 documents)
2026-08-10T16:30:07.311+0000	writing `test_database.report_messages` to `/app/backups/mongo_20260810_1630/test_database/report_messages.bson`
2026-08-10T16:30:07.311+0000	done dumping `test_database.groups` (0 documents)
2026-08-10T16:30:07.312+0000	done dumping `test_database.group_invitations` (0 documents)
2026-08-10T16:30:07.312+0000	done dumping `test_database.group_members` (0 documents)
2026-08-10T16:30:07.312+0000	done dumping `test_database.report_messages` (0 documents)
[2026-08-10 16:30:07] backup OK → mongo_20260810_1630.tar.gz (456K)
[2026-08-11 16:53:26] backup start → mongo_20260811_1653 (db=test_database)
2026-08-11T16:53:26.589+0000	writing `test_database.computed_routes` to `/app/backups/mongo_20260811_1653/test_database/computed_routes.bson`
2026-08-11T16:53:26.590+0000	writing `test_database.reports` to `/app/backups/mongo_20260811_1653/test_database/reports.bson`
2026-08-11T16:53:26.590+0000	writing `test_database.points_history` to `/app/backups/mongo_20260811_1653/test_database/points_history.bson`
2026-08-11T16:53:26.590+0000	writing `test_database.engines` to `/app/backups/mongo_20260811_1653/test_database/engines.bson`
2026-08-11T16:53:26.593+0000	done dumping `test_database.engines` (5 documents)
2026-08-11T16:53:26.593+0000	writing `test_database.users` to `/app/backups/mongo_20260811_1653/test_database/users.bson`
2026-08-11T16:53:26.593+0000	done dumping `test_database.users` (4 documents)
2026-08-11T16:53:26.593+0000	writing `test_database.coast_cache` to `/app/backups/mongo_20260811_1653/test_database/coast_cache.bson`
2026-08-11T16:53:26.595+0000	done dumping `test_database.reports` (7 documents)
2026-08-11T16:53:26.595+0000	writing `test_database.beta_testers` to `/app/backups/mongo_20260811_1653/test_database/beta_testers.bson`
2026-08-11T16:53:26.595+0000	done dumping `test_database.coast_cache` (2 documents)
2026-08-11T16:53:26.595+0000	writing `test_database.groups` to `/app/backups/mongo_20260811_1653/test_database/groups.bson`
2026-08-11T16:53:26.595+0000	done dumping `test_database.points_history` (8 documents)
2026-08-11T16:53:26.595+0000	writing `test_database.wind_cache` to `/app/backups/mongo_20260811_1653/test_database/wind_cache.bson`
2026-08-11T16:53:26.595+0000	done dumping `test_database.beta_testers` (1 document)
2026-08-11T16:53:26.596+0000	writing `test_database.friend_requests` to `/app/backups/mongo_20260811_1653/test_database/friend_requests.bson`
2026-08-11T16:53:26.596+0000	done dumping `test_database.wind_cache` (0 documents)
2026-08-11T16:53:26.596+0000	writing `test_database.referrals` to `/app/backups/mongo_20260811_1653/test_database/referrals.bson`
2026-08-11T16:53:26.596+0000	done dumping `test_database.groups` (0 documents)
2026-08-11T16:53:26.596+0000	writing `test_database.group_invitations` to `/app/backups/mongo_20260811_1653/test_database/group_invitations.bson`
2026-08-11T16:53:26.597+0000	done dumping `test_database.referrals` (0 documents)
2026-08-11T16:53:26.597+0000	writing `test_database.notifications` to `/app/backups/mongo_20260811_1653/test_database/notifications.bson`
2026-08-11T16:53:26.597+0000	done dumping `test_database.friend_requests` (0 documents)
2026-08-11T16:53:26.597+0000	writing `test_database.support_screenshots` to `/app/backups/mongo_20260811_1653/test_database/support_screenshots.bson`
2026-08-11T16:53:26.597+0000	done dumping `test_database.group_invitations` (0 documents)
2026-08-11T16:53:26.597+0000	writing `test_database.otp_codes` to `/app/backups/mongo_20260811_1653/test_database/otp_codes.bson`
2026-08-11T16:53:26.598+0000	done dumping `test_database.support_screenshots` (0 documents)
2026-08-11T16:53:26.598+0000	writing `test_database.user_sessions` to `/app/backups/mongo_20260811_1653/test_database/user_sessions.bson`
2026-08-11T16:53:26.598+0000	done dumping `test_database.otp_codes` (0 documents)
2026-08-11T16:53:26.598+0000	writing `test_database.group_members` to `/app/backups/mongo_20260811_1653/test_database/group_members.bson`
2026-08-11T16:53:26.598+0000	done dumping `test_database.notifications` (0 documents)
2026-08-11T16:53:26.598+0000	writing `test_database.report_messages` to `/app/backups/mongo_20260811_1653/test_database/report_messages.bson`
2026-08-11T16:53:26.599+0000	done dumping `test_database.user_sessions` (0 documents)
2026-08-11T16:53:26.599+0000	done dumping `test_database.report_messages` (0 documents)
2026-08-11T16:53:26.600+0000	done dumping `test_database.group_members` (0 documents)
2026-08-11T16:53:26.604+0000	done dumping `test_database.computed_routes` (214 documents)
[2026-08-11 16:53:26] backup OK → mongo_20260811_1653.tar.gz (1.5M)
[2026-08-12 17:20:02] backup start → mongo_20260812_1720 (db=test_database)
2026-08-12T17:20:02.445+0000	writing `test_database.computed_routes` to `/app/backups/mongo_20260812_1720/test_database/computed_routes.bson`
2026-08-12T17:20:02.445+0000	writing `test_database.points_history` to `/app/backups/mongo_20260812_1720/test_database/points_history.bson`
2026-08-12T17:20:02.445+0000	writing `test_database.engines` to `/app/backups/mongo_20260812_1720/test_database/engines.bson`
2026-08-12T17:20:02.445+0000	writing `test_database.reports` to `/app/backups/mongo_20260812_1720/test_database/reports.bson`
2026-08-12T17:20:02.447+0000	done dumping `test_database.engines` (5 documents)
2026-08-12T17:20:02.447+0000	writing `test_database.users` to `/app/backups/mongo_20260812_1720/test_database/users.bson`
2026-08-12T17:20:02.448+0000	done dumping `test_database.users` (4 documents)
2026-08-12T17:20:02.448+0000	writing `test_database.coast_cache` to `/app/backups/mongo_20260812_1720/test_database/coast_cache.bson`
2026-08-12T17:20:02.448+0000	done dumping `test_database.reports` (4 documents)
2026-08-12T17:20:02.448+0000	writing `test_database.saved_routes` to `/app/backups/mongo_20260812_1720/test_database/saved_routes.bson`
2026-08-12T17:20:02.449+0000	done dumping `test_database.points_history` (9 documents)
2026-08-12T17:20:02.449+0000	writing `test_database.report_messages` to `/app/backups/mongo_20260812_1720/test_database/report_messages.bson`
2026-08-12T17:20:02.470+0000	done dumping `test_database.saved_routes` (2 documents)
2026-08-12T17:20:02.470+0000	writing `test_database.beta_testers` to `/app/backups/mongo_20260812_1720/test_database/beta_testers.bson`
2026-08-12T17:20:02.471+0000	done dumping `test_database.report_messages` (1 document)
2026-08-12T17:20:02.471+0000	writing `test_database.notifications` to `/app/backups/mongo_20260812_1720/test_database/notifications.bson`
2026-08-12T17:20:02.473+0000	done dumping `test_database.coast_cache` (2 documents)
2026-08-12T17:20:02.473+0000	writing `test_database.friend_requests` to `/app/backups/mongo_20260812_1720/test_database/friend_requests.bson`
2026-08-12T17:20:02.474+0000	done dumping `test_database.beta_testers` (1 document)
2026-08-12T17:20:02.474+0000	writing `test_database.referrals` to `/app/backups/mongo_20260812_1720/test_database/referrals.bson`
2026-08-12T17:20:02.475+0000	done dumping `test_database.friend_requests` (0 documents)
2026-08-12T17:20:02.475+0000	writing `test_database.group_invitations` to `/app/backups/mongo_20260812_1720/test_database/group_invitations.bson`
2026-08-12T17:20:02.476+0000	done dumping `test_database.notifications` (0 documents)
2026-08-12T17:20:02.476+0000	writing `test_database.otp_codes` to `/app/backups/mongo_20260812_1720/test_database/otp_codes.bson`
2026-08-12T17:20:02.476+0000	done dumping `test_database.computed_routes` (230 documents)
2026-08-12T17:20:02.476+0000	writing `test_database.groups` to `/app/backups/mongo_20260812_1720/test_database/groups.bson`
2026-08-12T17:20:02.477+0000	done dumping `test_database.referrals` (0 documents)
2026-08-12T17:20:02.477+0000	writing `test_database.support_screenshots` to `/app/backups/mongo_20260812_1720/test_database/support_screenshots.bson`
2026-08-12T17:20:02.477+0000	done dumping `test_database.otp_codes` (0 documents)
2026-08-12T17:20:02.477+0000	writing `test_database.user_sessions` to `/app/backups/mongo_20260812_1720/test_database/user_sessions.bson`
2026-08-12T17:20:02.478+0000	done dumping `test_database.group_invitations` (0 documents)
2026-08-12T17:20:02.478+0000	writing `test_database.group_members` to `/app/backups/mongo_20260812_1720/test_database/group_members.bson`
2026-08-12T17:20:02.479+0000	done dumping `test_database.groups` (0 documents)
2026-08-12T17:20:02.479+0000	writing `test_database.wind_cache` to `/app/backups/mongo_20260812_1720/test_database/wind_cache.bson`
2026-08-12T17:20:02.479+0000	done dumping `test_database.user_sessions` (0 documents)
2026-08-12T17:20:02.480+0000	done dumping `test_database.group_members` (0 documents)
2026-08-12T17:20:02.481+0000	done dumping `test_database.support_screenshots` (0 documents)
2026-08-12T17:20:02.481+0000	done dumping `test_database.wind_cache` (0 documents)
[2026-08-12 17:20:02] backup OK → mongo_20260812_1720.tar.gz (1.5M)
[2026-08-13 19:34:24] backup start → mongo_20260813_1934 (db=test_database)
2026-08-13T19:34:24.878+0000	writing `test_database.computed_routes` to `/app/backups/mongo_20260813_1934/test_database/computed_routes.bson`
2026-08-13T19:34:24.878+0000	writing `test_database.points_history` to `/app/backups/mongo_20260813_1934/test_database/points_history.bson`
2026-08-13T19:34:24.878+0000	writing `test_database.engines` to `/app/backups/mongo_20260813_1934/test_database/engines.bson`
2026-08-13T19:34:24.878+0000	writing `test_database.users` to `/app/backups/mongo_20260813_1934/test_database/users.bson`
2026-08-13T19:34:24.880+0000	done dumping `test_database.users` (5 documents)
2026-08-13T19:34:24.880+0000	writing `test_database.diagnostics` to `/app/backups/mongo_20260813_1934/test_database/diagnostics.bson`
2026-08-13T19:34:24.884+0000	done dumping `test_database.points_history` (10 documents)
2026-08-13T19:34:24.884+0000	writing `test_database.coast_cache` to `/app/backups/mongo_20260813_1934/test_database/coast_cache.bson`
2026-08-13T19:34:24.884+0000	done dumping `test_database.engines` (6 documents)
2026-08-13T19:34:24.884+0000	writing `test_database.saved_routes` to `/app/backups/mongo_20260813_1934/test_database/saved_routes.bson`
2026-08-13T19:34:24.885+0000	done dumping `test_database.coast_cache` (2 documents)
2026-08-13T19:34:24.885+0000	writing `test_database.report_messages` to `/app/backups/mongo_20260813_1934/test_database/report_messages.bson`
2026-08-13T19:34:24.885+0000	done dumping `test_database.saved_routes` (2 documents)
2026-08-13T19:34:24.885+0000	writing `test_database.support_screenshots` to `/app/backups/mongo_20260813_1934/test_database/support_screenshots.bson`
2026-08-13T19:34:24.886+0000	done dumping `test_database.report_messages` (1 document)
2026-08-13T19:34:24.886+0000	writing `test_database.beta_testers` to `/app/backups/mongo_20260813_1934/test_database/beta_testers.bson`
2026-08-13T19:34:24.886+0000	done dumping `test_database.diagnostics` (2 documents)
2026-08-13T19:34:24.886+0000	writing `test_database.support_uploads` to `/app/backups/mongo_20260813_1934/test_database/support_uploads.bson`
2026-08-13T19:34:24.887+0000	done dumping `test_database.support_screenshots` (1 document)
2026-08-13T19:34:24.887+0000	writing `test_database.notifications` to `/app/backups/mongo_20260813_1934/test_database/notifications.bson`
2026-08-13T19:34:24.887+0000	done dumping `test_database.beta_testers` (1 document)
2026-08-13T19:34:24.887+0000	writing `test_database.support_upload_sessions` to `/app/backups/mongo_20260813_1934/test_database/support_upload_sessions.bson`
2026-08-13T19:34:24.887+0000	done dumping `test_database.support_uploads` (1 document)
2026-08-13T19:34:24.887+0000	writing `test_database.friend_requests` to `/app/backups/mongo_20260813_1934/test_database/friend_requests.bson`
2026-08-13T19:34:24.888+0000	done dumping `test_database.notifications` (0 documents)
2026-08-13T19:34:24.888+0000	writing `test_database.referrals` to `/app/backups/mongo_20260813_1934/test_database/referrals.bson`
2026-08-13T19:34:24.888+0000	done dumping `test_database.support_upload_sessions` (0 documents)
2026-08-13T19:34:24.888+0000	writing `test_database.group_invitations` to `/app/backups/mongo_20260813_1934/test_database/group_invitations.bson`
2026-08-13T19:34:24.888+0000	done dumping `test_database.friend_requests` (0 documents)
2026-08-13T19:34:24.888+0000	writing `test_database.otp_codes` to `/app/backups/mongo_20260813_1934/test_database/otp_codes.bson`
2026-08-13T19:34:24.889+0000	done dumping `test_database.referrals` (0 documents)
2026-08-13T19:34:24.889+0000	writing `test_database.reports` to `/app/backups/mongo_20260813_1934/test_database/reports.bson`
2026-08-13T19:34:24.889+0000	done dumping `test_database.reports` (0 documents)
2026-08-13T19:34:24.889+0000	writing `test_database.groups` to `/app/backups/mongo_20260813_1934/test_database/groups.bson`
2026-08-13T19:34:24.889+0000	done dumping `test_database.group_invitations` (0 documents)
2026-08-13T19:34:24.889+0000	writing `test_database.user_sessions` to `/app/backups/mongo_20260813_1934/test_database/user_sessions.bson`
2026-08-13T19:34:24.889+0000	done dumping `test_database.otp_codes` (0 documents)
2026-08-13T19:34:24.889+0000	writing `test_database.group_members` to `/app/backups/mongo_20260813_1934/test_database/group_members.bson`
2026-08-13T19:34:24.890+0000	done dumping `test_database.groups` (0 documents)
2026-08-13T19:34:24.890+0000	writing `test_database.wind_cache` to `/app/backups/mongo_20260813_1934/test_database/wind_cache.bson`
2026-08-13T19:34:24.890+0000	done dumping `test_database.user_sessions` (0 documents)
2026-08-13T19:34:24.891+0000	done dumping `test_database.group_members` (0 documents)
2026-08-13T19:34:24.891+0000	done dumping `test_database.wind_cache` (0 documents)
2026-08-13T19:34:24.897+0000	done dumping `test_database.computed_routes` (317 documents)
[2026-08-13 19:34:25] backup OK → mongo_20260813_1934.tar.gz (1.7M)
[2026-08-16 08:26:23] backup start → mongo_20260816_0826 (db=test_database)
2026-08-16T08:26:23.323+0000	writing `test_database.computed_routes` to `/app/backups/mongo_20260816_0826/test_database/computed_routes.bson`
2026-08-16T08:26:23.324+0000	writing `test_database.points_history` to `/app/backups/mongo_20260816_0826/test_database/points_history.bson`
2026-08-16T08:26:23.324+0000	writing `test_database.engines` to `/app/backups/mongo_20260816_0826/test_database/engines.bson`
2026-08-16T08:26:23.324+0000	writing `test_database.users` to `/app/backups/mongo_20260816_0826/test_database/users.bson`
2026-08-16T08:26:23.325+0000	done dumping `test_database.engines` (6 documents)
2026-08-16T08:26:23.325+0000	writing `test_database.mark_reports` to `/app/backups/mongo_20260816_0826/test_database/mark_reports.bson`
2026-08-16T08:26:23.325+0000	done dumping `test_database.users` (5 documents)
2026-08-16T08:26:23.325+0000	writing `test_database.coast_cache` to `/app/backups/mongo_20260816_0826/test_database/coast_cache.bson`
2026-08-16T08:26:23.330+0000	done dumping `test_database.points_history` (14 documents)
2026-08-16T08:26:23.330+0000	writing `test_database.saved_routes` to `/app/backups/mongo_20260816_0826/test_database/saved_routes.bson`
2026-08-16T08:26:23.331+0000	done dumping `test_database.mark_reports` (3 documents)
2026-08-16T08:26:23.331+0000	writing `test_database.diagnostics` to `/app/backups/mongo_20260816_0826/test_database/diagnostics.bson`
2026-08-16T08:26:23.331+0000	done dumping `test_database.coast_cache` (3 documents)
2026-08-16T08:26:23.331+0000	writing `test_database.report_messages` to `/app/backups/mongo_20260816_0826/test_database/report_messages.bson`
2026-08-16T08:26:23.331+0000	done dumping `test_database.saved_routes` (3 documents)
2026-08-16T08:26:23.331+0000	writing `test_database.support_screenshots` to `/app/backups/mongo_20260816_0826/test_database/support_screenshots.bson`
2026-08-16T08:26:23.332+0000	done dumping `test_database.support_screenshots` (1 document)
2026-08-16T08:26:23.332+0000	writing `test_database.beta_testers` to `/app/backups/mongo_20260816_0826/test_database/beta_testers.bson`
2026-08-16T08:26:23.333+0000	done dumping `test_database.report_messages` (1 document)
2026-08-16T08:26:23.333+0000	writing `test_database.notifications` to `/app/backups/mongo_20260816_0826/test_database/notifications.bson`
2026-08-16T08:26:23.333+0000	done dumping `test_database.diagnostics` (2 documents)
2026-08-16T08:26:23.333+0000	writing `test_database.support_upload_sessions` to `/app/backups/mongo_20260816_0826/test_database/support_upload_sessions.bson`
2026-08-16T08:26:23.333+0000	done dumping `test_database.beta_testers` (1 document)
2026-08-16T08:26:23.334+0000	writing `test_database.friend_requests` to `/app/backups/mongo_20260816_0826/test_database/friend_requests.bson`
2026-08-16T08:26:23.334+0000	done dumping `test_database.notifications` (0 documents)
2026-08-16T08:26:23.334+0000	writing `test_database.referrals` to `/app/backups/mongo_20260816_0826/test_database/referrals.bson`
2026-08-16T08:26:23.334+0000	done dumping `test_database.friend_requests` (0 documents)
2026-08-16T08:26:23.334+0000	writing `test_database.group_invitations` to `/app/backups/mongo_20260816_0826/test_database/group_invitations.bson`
2026-08-16T08:26:23.335+0000	done dumping `test_database.support_upload_sessions` (0 documents)
2026-08-16T08:26:23.335+0000	writing `test_database.otp_codes` to `/app/backups/mongo_20260816_0826/test_database/otp_codes.bson`
2026-08-16T08:26:23.335+0000	done dumping `test_database.referrals` (0 documents)
2026-08-16T08:26:23.335+0000	writing `test_database.reports` to `/app/backups/mongo_20260816_0826/test_database/reports.bson`
2026-08-16T08:26:23.336+0000	done dumping `test_database.group_invitations` (0 documents)
2026-08-16T08:26:23.336+0000	writing `test_database.support_uploads` to `/app/backups/mongo_20260816_0826/test_database/support_uploads.bson`
2026-08-16T08:26:23.336+0000	done dumping `test_database.reports` (0 documents)
2026-08-16T08:26:23.336+0000	writing `test_database.groups` to `/app/backups/mongo_20260816_0826/test_database/groups.bson`
2026-08-16T08:26:23.336+0000	done dumping `test_database.otp_codes` (0 documents)
2026-08-16T08:26:23.336+0000	writing `test_database.group_members` to `/app/backups/mongo_20260816_0826/test_database/group_members.bson`
2026-08-16T08:26:23.336+0000	done dumping `test_database.support_uploads` (0 documents)
2026-08-16T08:26:23.336+0000	writing `test_database.user_sessions` to `/app/backups/mongo_20260816_0826/test_database/user_sessions.bson`
2026-08-16T08:26:23.337+0000	done dumping `test_database.groups` (0 documents)
2026-08-16T08:26:23.337+0000	writing `test_database.wind_cache` to `/app/backups/mongo_20260816_0826/test_database/wind_cache.bson`
2026-08-16T08:26:23.337+0000	done dumping `test_database.user_sessions` (0 documents)
2026-08-16T08:26:23.338+0000	done dumping `test_database.group_members` (0 documents)
2026-08-16T08:26:23.338+0000	done dumping `test_database.wind_cache` (0 documents)
2026-08-16T08:26:23.346+0000	done dumping `test_database.computed_routes` (397 documents)
[2026-08-16 08:26:23] backup OK → mongo_20260816_0826.tar.gz (2.2M)
[2026-08-18 11:09:16] backup start → mongo_20260818_1109 (db=test_database)
2026-08-18T11:09:16.312+0000	writing `test_database.computed_routes` to `/app/backups/mongo_20260818_1109/test_database/computed_routes.bson`
2026-08-18T11:09:16.312+0000	writing `test_database.points_history` to `/app/backups/mongo_20260818_1109/test_database/points_history.bson`
2026-08-18T11:09:16.312+0000	writing `test_database.engines` to `/app/backups/mongo_20260818_1109/test_database/engines.bson`
2026-08-18T11:09:16.312+0000	writing `test_database.users` to `/app/backups/mongo_20260818_1109/test_database/users.bson`
2026-08-18T11:09:16.313+0000	done dumping `test_database.engines` (6 documents)
2026-08-18T11:09:16.313+0000	writing `test_database.mark_reports` to `/app/backups/mongo_20260818_1109/test_database/mark_reports.bson`
2026-08-18T11:09:16.314+0000	done dumping `test_database.users` (5 documents)
2026-08-18T11:09:16.314+0000	writing `test_database.coast_cache` to `/app/backups/mongo_20260818_1109/test_database/coast_cache.bson`
2026-08-18T11:09:16.319+0000	done dumping `test_database.points_history` (17 documents)
2026-08-18T11:09:16.319+0000	writing `test_database.saved_routes` to `/app/backups/mongo_20260818_1109/test_database/saved_routes.bson`
2026-08-18T11:09:16.319+0000	done dumping `test_database.coast_cache` (3 documents)
2026-08-18T11:09:16.319+0000	writing `test_database.diagnostics` to `/app/backups/mongo_20260818_1109/test_database/diagnostics.bson`
2026-08-18T11:09:16.320+0000	done dumping `test_database.mark_reports` (3 documents)
2026-08-18T11:09:16.320+0000	writing `test_database.report_messages` to `/app/backups/mongo_20260818_1109/test_database/report_messages.bson`
2026-08-18T11:09:16.320+0000	done dumping `test_database.saved_routes` (3 documents)
2026-08-18T11:09:16.320+0000	writing `test_database.support_screenshots` to `/app/backups/mongo_20260818_1109/test_database/support_screenshots.bson`
2026-08-18T11:09:16.321+0000	done dumping `test_database.diagnostics` (2 documents)
2026-08-18T11:09:16.321+0000	writing `test_database.beta_testers` to `/app/backups/mongo_20260818_1109/test_database/beta_testers.bson`
2026-08-18T11:09:16.321+0000	done dumping `test_database.support_screenshots` (1 document)
2026-08-18T11:09:16.321+0000	writing `test_database.notifications` to `/app/backups/mongo_20260818_1109/test_database/notifications.bson`
2026-08-18T11:09:16.322+0000	done dumping `test_database.report_messages` (1 document)
2026-08-18T11:09:16.322+0000	writing `test_database.support_upload_sessions` to `/app/backups/mongo_20260818_1109/test_database/support_upload_sessions.bson`
2026-08-18T11:09:16.322+0000	done dumping `test_database.beta_testers` (1 document)
2026-08-18T11:09:16.322+0000	writing `test_database.friend_requests` to `/app/backups/mongo_20260818_1109/test_database/friend_requests.bson`
2026-08-18T11:09:16.323+0000	done dumping `test_database.notifications` (0 documents)
2026-08-18T11:09:16.323+0000	writing `test_database.referrals` to `/app/backups/mongo_20260818_1109/test_database/referrals.bson`
2026-08-18T11:09:16.323+0000	done dumping `test_database.friend_requests` (0 documents)
2026-08-18T11:09:16.323+0000	writing `test_database.group_invitations` to `/app/backups/mongo_20260818_1109/test_database/group_invitations.bson`
2026-08-18T11:09:16.324+0000	done dumping `test_database.support_upload_sessions` (0 documents)
2026-08-18T11:09:16.324+0000	writing `test_database.otp_codes` to `/app/backups/mongo_20260818_1109/test_database/otp_codes.bson`
2026-08-18T11:09:16.324+0000	done dumping `test_database.referrals` (0 documents)
2026-08-18T11:09:16.324+0000	writing `test_database.reports` to `/app/backups/mongo_20260818_1109/test_database/reports.bson`
2026-08-18T11:09:16.325+0000	done dumping `test_database.otp_codes` (0 documents)
2026-08-18T11:09:16.325+0000	writing `test_database.support_uploads` to `/app/backups/mongo_20260818_1109/test_database/support_uploads.bson`
2026-08-18T11:09:16.325+0000	done dumping `test_database.group_invitations` (0 documents)
2026-08-18T11:09:16.325+0000	writing `test_database.groups` to `/app/backups/mongo_20260818_1109/test_database/groups.bson`
2026-08-18T11:09:16.325+0000	done dumping `test_database.reports` (0 documents)
2026-08-18T11:09:16.325+0000	writing `test_database.group_members` to `/app/backups/mongo_20260818_1109/test_database/group_members.bson`
2026-08-18T11:09:16.325+0000	done dumping `test_database.support_uploads` (0 documents)
2026-08-18T11:09:16.325+0000	writing `test_database.user_sessions` to `/app/backups/mongo_20260818_1109/test_database/user_sessions.bson`
2026-08-18T11:09:16.326+0000	done dumping `test_database.groups` (0 documents)
2026-08-18T11:09:16.326+0000	writing `test_database.wind_cache` to `/app/backups/mongo_20260818_1109/test_database/wind_cache.bson`
2026-08-18T11:09:16.327+0000	done dumping `test_database.group_members` (0 documents)
2026-08-18T11:09:16.327+0000	done dumping `test_database.user_sessions` (0 documents)
2026-08-18T11:09:16.328+0000	done dumping `test_database.wind_cache` (0 documents)
2026-08-18T11:09:16.336+0000	done dumping `test_database.computed_routes` (397 documents)
[2026-08-18 11:09:16] backup OK → mongo_20260818_1109.tar.gz (2.2M)
[2026-08-20 07:38:38] backup start → mongo_20260820_0738 (db=test_database)
2026-08-20T07:38:38.829+0000	writing `test_database.computed_routes` to `/app/backups/mongo_20260820_0738/test_database/computed_routes.bson`
2026-08-20T07:38:38.829+0000	writing `test_database.points_history` to `/app/backups/mongo_20260820_0738/test_database/points_history.bson`
2026-08-20T07:38:38.829+0000	writing `test_database.engines` to `/app/backups/mongo_20260820_0738/test_database/engines.bson`
2026-08-20T07:38:38.829+0000	writing `test_database.users` to `/app/backups/mongo_20260820_0738/test_database/users.bson`
2026-08-20T07:38:38.830+0000	done dumping `test_database.points_history` (18 documents)
2026-08-20T07:38:38.831+0000	writing `test_database.mark_reports` to `/app/backups/mongo_20260820_0738/test_database/mark_reports.bson`
2026-08-20T07:38:38.831+0000	done dumping `test_database.users` (5 documents)
2026-08-20T07:38:38.831+0000	writing `test_database.coast_cache` to `/app/backups/mongo_20260820_0738/test_database/coast_cache.bson`
2026-08-20T07:38:38.831+0000	done dumping `test_database.engines` (6 documents)
2026-08-20T07:38:38.831+0000	writing `test_database.saved_routes` to `/app/backups/mongo_20260820_0738/test_database/saved_routes.bson`
2026-08-20T07:38:38.837+0000	done dumping `test_database.coast_cache` (3 documents)
2026-08-20T07:38:38.837+0000	writing `test_database.diagnostics` to `/app/backups/mongo_20260820_0738/test_database/diagnostics.bson`
2026-08-20T07:38:38.837+0000	done dumping `test_database.saved_routes` (3 documents)
2026-08-20T07:38:38.837+0000	writing `test_database.report_messages` to `/app/backups/mongo_20260820_0738/test_database/report_messages.bson`
2026-08-20T07:38:38.837+0000	done dumping `test_database.mark_reports` (3 documents)
2026-08-20T07:38:38.837+0000	writing `test_database.support_screenshots` to `/app/backups/mongo_20260820_0738/test_database/support_screenshots.bson`
2026-08-20T07:38:38.838+0000	done dumping `test_database.diagnostics` (2 documents)
2026-08-20T07:38:38.838+0000	writing `test_database.beta_testers` to `/app/backups/mongo_20260820_0738/test_database/beta_testers.bson`
2026-08-20T07:38:38.839+0000	done dumping `test_database.support_screenshots` (1 document)
2026-08-20T07:38:38.839+0000	writing `test_database.notifications` to `/app/backups/mongo_20260820_0738/test_database/notifications.bson`
2026-08-20T07:38:38.839+0000	done dumping `test_database.beta_testers` (1 document)
2026-08-20T07:38:38.839+0000	writing `test_database.support_upload_sessions` to `/app/backups/mongo_20260820_0738/test_database/support_upload_sessions.bson`
2026-08-20T07:38:38.840+0000	done dumping `test_database.report_messages` (1 document)
2026-08-20T07:38:38.840+0000	writing `test_database.friend_requests` to `/app/backups/mongo_20260820_0738/test_database/friend_requests.bson`
2026-08-20T07:38:38.841+0000	done dumping `test_database.notifications` (0 documents)
2026-08-20T07:38:38.841+0000	writing `test_database.referrals` to `/app/backups/mongo_20260820_0738/test_database/referrals.bson`
2026-08-20T07:38:38.841+0000	done dumping `test_database.friend_requests` (0 documents)
2026-08-20T07:38:38.841+0000	writing `test_database.group_invitations` to `/app/backups/mongo_20260820_0738/test_database/group_invitations.bson`
2026-08-20T07:38:38.841+0000	done dumping `test_database.support_upload_sessions` (0 documents)
2026-08-20T07:38:38.841+0000	writing `test_database.otp_codes` to `/app/backups/mongo_20260820_0738/test_database/otp_codes.bson`
2026-08-20T07:38:38.842+0000	done dumping `test_database.referrals` (0 documents)
2026-08-20T07:38:38.842+0000	writing `test_database.reports` to `/app/backups/mongo_20260820_0738/test_database/reports.bson`
2026-08-20T07:38:38.842+0000	done dumping `test_database.group_invitations` (0 documents)
2026-08-20T07:38:38.842+0000	writing `test_database.support_uploads` to `/app/backups/mongo_20260820_0738/test_database/support_uploads.bson`
2026-08-20T07:38:38.842+0000	done dumping `test_database.reports` (0 documents)
2026-08-20T07:38:38.842+0000	writing `test_database.groups` to `/app/backups/mongo_20260820_0738/test_database/groups.bson`
2026-08-20T07:38:38.843+0000	done dumping `test_database.support_uploads` (0 documents)
2026-08-20T07:38:38.843+0000	writing `test_database.group_members` to `/app/backups/mongo_20260820_0738/test_database/group_members.bson`
2026-08-20T07:38:38.843+0000	done dumping `test_database.groups` (0 documents)
2026-08-20T07:38:38.843+0000	writing `test_database.user_sessions` to `/app/backups/mongo_20260820_0738/test_database/user_sessions.bson`
2026-08-20T07:38:38.844+0000	done dumping `test_database.group_members` (0 documents)
2026-08-20T07:38:38.844+0000	writing `test_database.wind_cache` to `/app/backups/mongo_20260820_0738/test_database/wind_cache.bson`
2026-08-20T07:38:38.845+0000	done dumping `test_database.user_sessions` (0 documents)
2026-08-20T07:38:38.846+0000	done dumping `test_database.otp_codes` (0 documents)
2026-08-20T07:38:38.846+0000	done dumping `test_database.wind_cache` (0 documents)
2026-08-20T07:38:38.857+0000	done dumping `test_database.computed_routes` (399 documents)
[2026-08-20 07:38:39] backup OK → mongo_20260820_0738.tar.gz (2.2M)
[2026-08-20 07:38:39] rotation: supprimé mongo_20260809_1524.tar.gz
[2026-08-22 08:28:33] backup start → mongo_20260822_0828 (db=test_database)
2026-08-22T08:28:33.773+0000	writing `test_database.computed_routes` to `/app/backups/mongo_20260822_0828/test_database/computed_routes.bson`
2026-08-22T08:28:33.774+0000	writing `test_database.points_history` to `/app/backups/mongo_20260822_0828/test_database/points_history.bson`
2026-08-22T08:28:33.774+0000	writing `test_database.engines` to `/app/backups/mongo_20260822_0828/test_database/engines.bson`
2026-08-22T08:28:33.775+0000	writing `test_database.users` to `/app/backups/mongo_20260822_0828/test_database/users.bson`
2026-08-22T08:28:33.777+0000	done dumping `test_database.engines` (6 documents)
2026-08-22T08:28:33.777+0000	writing `test_database.mark_reports` to `/app/backups/mongo_20260822_0828/test_database/mark_reports.bson`
2026-08-22T08:28:33.778+0000	done dumping `test_database.points_history` (18 documents)
2026-08-22T08:28:33.778+0000	writing `test_database.coast_cache` to `/app/backups/mongo_20260822_0828/test_database/coast_cache.bson`
2026-08-22T08:28:33.778+0000	done dumping `test_database.users` (5 documents)
2026-08-22T08:28:33.778+0000	writing `test_database.saved_routes` to `/app/backups/mongo_20260822_0828/test_database/saved_routes.bson`
2026-08-22T08:28:33.779+0000	done dumping `test_database.mark_reports` (3 documents)
2026-08-22T08:28:33.779+0000	writing `test_database.diagnostics` to `/app/backups/mongo_20260822_0828/test_database/diagnostics.bson`
2026-08-22T08:28:33.785+0000	done dumping `test_database.coast_cache` (3 documents)
2026-08-22T08:28:33.785+0000	writing `test_database.report_messages` to `/app/backups/mongo_20260822_0828/test_database/report_messages.bson`
2026-08-22T08:28:33.785+0000	done dumping `test_database.diagnostics` (2 documents)
2026-08-22T08:28:33.785+0000	writing `test_database.support_screenshots` to `/app/backups/mongo_20260822_0828/test_database/support_screenshots.bson`
2026-08-22T08:28:33.786+0000	done dumping `test_database.saved_routes` (3 documents)
2026-08-22T08:28:33.786+0000	writing `test_database.beta_testers` to `/app/backups/mongo_20260822_0828/test_database/beta_testers.bson`
2026-08-22T08:28:33.786+0000	done dumping `test_database.report_messages` (1 document)
2026-08-22T08:28:33.786+0000	writing `test_database.notifications` to `/app/backups/mongo_20260822_0828/test_database/notifications.bson`
2026-08-22T08:28:33.788+0000	done dumping `test_database.support_screenshots` (1 document)
2026-08-22T08:28:33.788+0000	writing `test_database.support_upload_sessions` to `/app/backups/mongo_20260822_0828/test_database/support_upload_sessions.bson`
2026-08-22T08:28:33.788+0000	done dumping `test_database.beta_testers` (1 document)
2026-08-22T08:28:33.788+0000	writing `test_database.friend_requests` to `/app/backups/mongo_20260822_0828/test_database/friend_requests.bson`
2026-08-22T08:28:33.788+0000	done dumping `test_database.notifications` (0 documents)
2026-08-22T08:28:33.788+0000	writing `test_database.referrals` to `/app/backups/mongo_20260822_0828/test_database/referrals.bson`
2026-08-22T08:28:33.789+0000	done dumping `test_database.friend_requests` (0 documents)
2026-08-22T08:28:33.789+0000	writing `test_database.group_invitations` to `/app/backups/mongo_20260822_0828/test_database/group_invitations.bson`
2026-08-22T08:28:33.791+0000	done dumping `test_database.group_invitations` (0 documents)
2026-08-22T08:28:33.791+0000	writing `test_database.otp_codes` to `/app/backups/mongo_20260822_0828/test_database/otp_codes.bson`
2026-08-22T08:28:33.792+0000	done dumping `test_database.referrals` (0 documents)
2026-08-22T08:28:33.792+0000	writing `test_database.reports` to `/app/backups/mongo_20260822_0828/test_database/reports.bson`
2026-08-22T08:28:33.792+0000	done dumping `test_database.reports` (0 documents)
2026-08-22T08:28:33.792+0000	writing `test_database.support_uploads` to `/app/backups/mongo_20260822_0828/test_database/support_uploads.bson`
2026-08-22T08:28:33.793+0000	done dumping `test_database.otp_codes` (0 documents)
2026-08-22T08:28:33.793+0000	writing `test_database.groups` to `/app/backups/mongo_20260822_0828/test_database/groups.bson`
2026-08-22T08:28:33.794+0000	done dumping `test_database.support_upload_sessions` (0 documents)
2026-08-22T08:28:33.794+0000	writing `test_database.group_members` to `/app/backups/mongo_20260822_0828/test_database/group_members.bson`
2026-08-22T08:28:33.794+0000	done dumping `test_database.groups` (0 documents)
2026-08-22T08:28:33.794+0000	writing `test_database.user_sessions` to `/app/backups/mongo_20260822_0828/test_database/user_sessions.bson`
2026-08-22T08:28:33.799+0000	done dumping `test_database.support_uploads` (0 documents)
2026-08-22T08:28:33.799+0000	writing `test_database.wind_cache` to `/app/backups/mongo_20260822_0828/test_database/wind_cache.bson`
2026-08-22T08:28:33.800+0000	done dumping `test_database.wind_cache` (0 documents)
2026-08-22T08:28:33.803+0000	done dumping `test_database.user_sessions` (0 documents)
2026-08-22T08:28:33.804+0000	done dumping `test_database.group_members` (0 documents)
2026-08-22T08:28:33.812+0000	done dumping `test_database.computed_routes` (399 documents)
[2026-08-22 08:28:34] backup OK → mongo_20260822_0828.tar.gz (2.2M)
[2026-08-22 08:28:34] rotation: supprimé mongo_20260810_1630.tar.gz
[2026-08-23 19:22:18] backup start → mongo_20260823_1922 (db=test_database)
2026-08-23T19:22:18.344+0000	writing `test_database.computed_routes` to `/app/backups/mongo_20260823_1922/test_database/computed_routes.bson`
2026-08-23T19:22:18.344+0000	writing `test_database.points_history` to `/app/backups/mongo_20260823_1922/test_database/points_history.bson`
2026-08-23T19:22:18.344+0000	writing `test_database.engines` to `/app/backups/mongo_20260823_1922/test_database/engines.bson`
2026-08-23T19:22:18.345+0000	writing `test_database.users` to `/app/backups/mongo_20260823_1922/test_database/users.bson`
2026-08-23T19:22:18.348+0000	done dumping `test_database.engines` (6 documents)
2026-08-23T19:22:18.348+0000	writing `test_database.coast_cache` to `/app/backups/mongo_20260823_1922/test_database/coast_cache.bson`
2026-08-23T19:22:18.348+0000	done dumping `test_database.users` (5 documents)
2026-08-23T19:22:18.348+0000	writing `test_database.mark_reports` to `/app/backups/mongo_20260823_1922/test_database/mark_reports.bson`
2026-08-23T19:22:18.354+0000	done dumping `test_database.points_history` (20 documents)
2026-08-23T19:22:18.354+0000	writing `test_database.saved_routes` to `/app/backups/mongo_20260823_1922/test_database/saved_routes.bson`
2026-08-23T19:22:18.355+0000	done dumping `test_database.coast_cache` (3 documents)
2026-08-23T19:22:18.355+0000	writing `test_database.diagnostics` to `/app/backups/mongo_20260823_1922/test_database/diagnostics.bson`
2026-08-23T19:22:18.355+0000	done dumping `test_database.mark_reports` (3 documents)
2026-08-23T19:22:18.355+0000	writing `test_database.report_messages` to `/app/backups/mongo_20260823_1922/test_database/report_messages.bson`
2026-08-23T19:22:18.356+0000	done dumping `test_database.saved_routes` (3 documents)
2026-08-23T19:22:18.356+0000	writing `test_database.support_screenshots` to `/app/backups/mongo_20260823_1922/test_database/support_screenshots.bson`
2026-08-23T19:22:18.356+0000	done dumping `test_database.diagnostics` (2 documents)
2026-08-23T19:22:18.356+0000	writing `test_database.beta_testers` to `/app/backups/mongo_20260823_1922/test_database/beta_testers.bson`
2026-08-23T19:22:18.356+0000	done dumping `test_database.report_messages` (1 document)
2026-08-23T19:22:18.356+0000	writing `test_database.reports` to `/app/backups/mongo_20260823_1922/test_database/reports.bson`
2026-08-23T19:22:18.357+0000	done dumping `test_database.support_screenshots` (1 document)
2026-08-23T19:22:18.357+0000	writing `test_database.notifications` to `/app/backups/mongo_20260823_1922/test_database/notifications.bson`
2026-08-23T19:22:18.357+0000	done dumping `test_database.reports` (1 document)
2026-08-23T19:22:18.357+0000	writing `test_database.friend_requests` to `/app/backups/mongo_20260823_1922/test_database/friend_requests.bson`
2026-08-23T19:22:18.357+0000	done dumping `test_database.beta_testers` (1 document)
2026-08-23T19:22:18.357+0000	writing `test_database.referrals` to `/app/backups/mongo_20260823_1922/test_database/referrals.bson`
2026-08-23T19:22:18.357+0000	done dumping `test_database.notifications` (0 documents)
2026-08-23T19:22:18.357+0000	writing `test_database.group_invitations` to `/app/backups/mongo_20260823_1922/test_database/group_invitations.bson`
2026-08-23T19:22:18.358+0000	done dumping `test_database.friend_requests` (0 documents)
2026-08-23T19:22:18.358+0000	writing `test_database.support_upload_sessions` to `/app/backups/mongo_20260823_1922/test_database/support_upload_sessions.bson`
2026-08-23T19:22:18.358+0000	done dumping `test_database.referrals` (0 documents)
2026-08-23T19:22:18.358+0000	writing `test_database.otp_codes` to `/app/backups/mongo_20260823_1922/test_database/otp_codes.bson`
2026-08-23T19:22:18.359+0000	done dumping `test_database.otp_codes` (0 documents)
2026-08-23T19:22:18.359+0000	writing `test_database.support_uploads` to `/app/backups/mongo_20260823_1922/test_database/support_uploads.bson`
2026-08-23T19:22:18.359+0000	done dumping `test_database.support_upload_sessions` (0 documents)
2026-08-23T19:22:18.360+0000	writing `test_database.groups` to `/app/backups/mongo_20260823_1922/test_database/groups.bson`
2026-08-23T19:22:18.360+0000	done dumping `test_database.group_invitations` (0 documents)
2026-08-23T19:22:18.360+0000	writing `test_database.group_members` to `/app/backups/mongo_20260823_1922/test_database/group_members.bson`
2026-08-23T19:22:18.360+0000	done dumping `test_database.support_uploads` (0 documents)
2026-08-23T19:22:18.360+0000	writing `test_database.user_sessions` to `/app/backups/mongo_20260823_1922/test_database/user_sessions.bson`
2026-08-23T19:22:18.360+0000	done dumping `test_database.group_members` (0 documents)
2026-08-23T19:22:18.360+0000	writing `test_database.wind_cache` to `/app/backups/mongo_20260823_1922/test_database/wind_cache.bson`
2026-08-23T19:22:18.360+0000	done dumping `test_database.user_sessions` (0 documents)
2026-08-23T19:22:18.361+0000	done dumping `test_database.groups` (0 documents)
2026-08-23T19:22:18.362+0000	done dumping `test_database.wind_cache` (0 documents)
2026-08-23T19:22:18.375+0000	done dumping `test_database.computed_routes` (402 documents)
[2026-08-23 19:22:18] backup OK → mongo_20260823_1922.tar.gz (2.2M)
[2026-08-23 19:22:18] rotation: supprimé mongo_20260811_1653.tar.gz
[2026-08-25 08:58:34] backup start → mongo_20260825_0858 (db=test_database)
2026-08-25T08:58:34.252+0000	writing `test_database.computed_routes` to `/app/backups/mongo_20260825_0858/test_database/computed_routes.bson`
2026-08-25T08:58:34.253+0000	writing `test_database.engines` to `/app/backups/mongo_20260825_0858/test_database/engines.bson`
2026-08-25T08:58:34.253+0000	writing `test_database.users` to `/app/backups/mongo_20260825_0858/test_database/users.bson`
2026-08-25T08:58:34.253+0000	writing `test_database.points_history` to `/app/backups/mongo_20260825_0858/test_database/points_history.bson`
2026-08-25T08:58:34.254+0000	done dumping `test_database.engines` (6 documents)
2026-08-25T08:58:34.254+0000	writing `test_database.coast_cache` to `/app/backups/mongo_20260825_0858/test_database/coast_cache.bson`
2026-08-25T08:58:34.255+0000	done dumping `test_database.users` (5 documents)
2026-08-25T08:58:34.255+0000	writing `test_database.mark_reports` to `/app/backups/mongo_20260825_0858/test_database/mark_reports.bson`
2026-08-25T08:58:34.261+0000	done dumping `test_database.mark_reports` (3 documents)
2026-08-25T08:58:34.261+0000	writing `test_database.saved_routes` to `/app/backups/mongo_20260825_0858/test_database/saved_routes.bson`
2026-08-25T08:58:34.261+0000	done dumping `test_database.points_history` (22 documents)
2026-08-25T08:58:34.261+0000	writing `test_database.diagnostics` to `/app/backups/mongo_20260825_0858/test_database/diagnostics.bson`
2026-08-25T08:58:34.261+0000	done dumping `test_database.coast_cache` (3 documents)
2026-08-25T08:58:34.261+0000	writing `test_database.report_messages` to `/app/backups/mongo_20260825_0858/test_database/report_messages.bson`
2026-08-25T08:58:34.262+0000	done dumping `test_database.saved_routes` (3 documents)
2026-08-25T08:58:34.262+0000	writing `test_database.support_screenshots` to `/app/backups/mongo_20260825_0858/test_database/support_screenshots.bson`
2026-08-25T08:58:34.263+0000	done dumping `test_database.diagnostics` (2 documents)
2026-08-25T08:58:34.263+0000	writing `test_database.beta_testers` to `/app/backups/mongo_20260825_0858/test_database/beta_testers.bson`
2026-08-25T08:58:34.263+0000	done dumping `test_database.report_messages` (1 document)
2026-08-25T08:58:34.263+0000	writing `test_database.reports` to `/app/backups/mongo_20260825_0858/test_database/reports.bson`
2026-08-25T08:58:34.264+0000	done dumping `test_database.reports` (1 document)
2026-08-25T08:58:34.264+0000	writing `test_database.notifications` to `/app/backups/mongo_20260825_0858/test_database/notifications.bson`
2026-08-25T08:58:34.264+0000	done dumping `test_database.support_screenshots` (1 document)
2026-08-25T08:58:34.264+0000	writing `test_database.friend_requests` to `/app/backups/mongo_20260825_0858/test_database/friend_requests.bson`
2026-08-25T08:58:34.265+0000	done dumping `test_database.beta_testers` (1 document)
2026-08-25T08:58:34.265+0000	writing `test_database.referrals` to `/app/backups/mongo_20260825_0858/test_database/referrals.bson`
2026-08-25T08:58:34.265+0000	done dumping `test_database.friend_requests` (0 documents)
2026-08-25T08:58:34.265+0000	writing `test_database.group_invitations` to `/app/backups/mongo_20260825_0858/test_database/group_invitations.bson`
2026-08-25T08:58:34.266+0000	done dumping `test_database.notifications` (0 documents)
2026-08-25T08:58:34.266+0000	writing `test_database.support_upload_sessions` to `/app/backups/mongo_20260825_0858/test_database/support_upload_sessions.bson`
2026-08-25T08:58:34.266+0000	done dumping `test_database.referrals` (0 documents)
2026-08-25T08:58:34.266+0000	writing `test_database.otp_codes` to `/app/backups/mongo_20260825_0858/test_database/otp_codes.bson`
2026-08-25T08:58:34.266+0000	done dumping `test_database.group_invitations` (0 documents)
2026-08-25T08:58:34.266+0000	writing `test_database.support_uploads` to `/app/backups/mongo_20260825_0858/test_database/support_uploads.bson`
2026-08-25T08:58:34.267+0000	done dumping `test_database.support_upload_sessions` (0 documents)
2026-08-25T08:58:34.267+0000	writing `test_database.groups` to `/app/backups/mongo_20260825_0858/test_database/groups.bson`
2026-08-25T08:58:34.267+0000	done dumping `test_database.support_uploads` (0 documents)
2026-08-25T08:58:34.267+0000	writing `test_database.group_members` to `/app/backups/mongo_20260825_0858/test_database/group_members.bson`
2026-08-25T08:58:34.267+0000	done dumping `test_database.otp_codes` (0 documents)
2026-08-25T08:58:34.267+0000	writing `test_database.user_sessions` to `/app/backups/mongo_20260825_0858/test_database/user_sessions.bson`
2026-08-25T08:58:34.268+0000	done dumping `test_database.group_members` (0 documents)
2026-08-25T08:58:34.268+0000	writing `test_database.wind_cache` to `/app/backups/mongo_20260825_0858/test_database/wind_cache.bson`
2026-08-25T08:58:34.268+0000	done dumping `test_database.groups` (0 documents)
2026-08-25T08:58:34.269+0000	done dumping `test_database.user_sessions` (0 documents)
2026-08-25T08:58:34.269+0000	done dumping `test_database.wind_cache` (0 documents)
2026-08-25T08:58:34.280+0000	done dumping `test_database.computed_routes` (416 documents)
[2026-08-25 08:58:34] backup OK → mongo_20260825_0858.tar.gz (2.3M)
[2026-08-25 08:58:34] rotation: supprimé mongo_20260812_1720.tar.gz
[2026-08-26 09:46:24] backup start → mongo_20260826_0946 (db=test_database)
2026-08-26T09:46:24.735+0000	writing `test_database.computed_routes` to `/app/backups/mongo_20260826_0946/test_database/computed_routes.bson`
2026-08-26T09:46:24.735+0000	writing `test_database.points_history` to `/app/backups/mongo_20260826_0946/test_database/points_history.bson`
2026-08-26T09:46:24.735+0000	writing `test_database.users` to `/app/backups/mongo_20260826_0946/test_database/users.bson`
2026-08-26T09:46:24.736+0000	writing `test_database.notifications` to `/app/backups/mongo_20260826_0946/test_database/notifications.bson`
2026-08-26T09:46:24.740+0000	done dumping `test_database.users` (110 documents)
2026-08-26T09:46:24.740+0000	writing `test_database.tts_cache` to `/app/backups/mongo_20260826_0946/test_database/tts_cache.bson`
2026-08-26T09:46:24.856+0000	done dumping `test_database.points_history` (239 documents)
2026-08-26T09:46:24.856+0000	writing `test_database.reports` to `/app/backups/mongo_20260826_0946/test_database/reports.bson`
2026-08-26T09:46:24.857+0000	done dumping `test_database.reports` (50 documents)
2026-08-26T09:46:24.857+0000	writing `test_database.support_screenshots` to `/app/backups/mongo_20260826_0946/test_database/support_screenshots.bson`
2026-08-26T09:46:24.875+0000	done dumping `test_database.computed_routes` (660 documents)
2026-08-26T09:46:24.875+0000	writing `test_database.sea_cache` to `/app/backups/mongo_20260826_0946/test_database/sea_cache.bson`
2026-08-26T09:46:24.926+0000	done dumping `test_database.tts_cache` (67 documents)
2026-08-26T09:46:24.926+0000	writing `test_database.group_invitations` to `/app/backups/mongo_20260826_0946/test_database/group_invitations.bson`
2026-08-26T09:46:24.928+0000	done dumping `test_database.notifications` (466 documents)
2026-08-26T09:46:24.928+0000	writing `test_database.support_upload_sessions` to `/app/backups/mongo_20260826_0946/test_database/support_upload_sessions.bson`
2026-08-26T09:46:24.930+0000	done dumping `test_database.sea_cache` (18 documents)
2026-08-26T09:46:24.931+0000	writing `test_database.coast_cache` to `/app/backups/mongo_20260826_0946/test_database/coast_cache.bson`
2026-08-26T09:46:24.937+0000	done dumping `test_database.group_invitations` (13 documents)
2026-08-26T09:46:24.937+0000	writing `test_database.diagnostics` to `/app/backups/mongo_20260826_0946/test_database/diagnostics.bson`
2026-08-26T09:46:24.986+0000	done dumping `test_database.support_upload_sessions` (10 documents)
2026-08-26T09:46:24.986+0000	writing `test_database.engines` to `/app/backups/mongo_20260826_0946/test_database/engines.bson`
2026-08-26T09:46:24.987+0000	done dumping `test_database.engines` (7 documents)
2026-08-26T09:46:24.987+0000	writing `test_database.report_messages` to `/app/backups/mongo_20260826_0946/test_database/report_messages.bson`
2026-08-26T09:46:24.990+0000	done dumping `test_database.coast_cache` (8 documents)
2026-08-26T09:46:24.990+0000	writing `test_database.mark_reports` to `/app/backups/mongo_20260826_0946/test_database/mark_reports.bson`
2026-08-26T09:46:24.991+0000	done dumping `test_database.support_screenshots` (19 documents)
2026-08-26T09:46:24.991+0000	writing `test_database.saved_routes` to `/app/backups/mongo_20260826_0946/test_database/saved_routes.bson`
2026-08-26T09:46:24.994+0000	done dumping `test_database.diagnostics` (8 documents)
2026-08-26T09:46:24.994+0000	writing `test_database.support_uploads` to `/app/backups/mongo_20260826_0946/test_database/support_uploads.bson`
2026-08-26T09:46:24.994+0000	done dumping `test_database.support_uploads` (4 documents)
2026-08-26T09:46:24.994+0000	writing `test_database.beta_testers` to `/app/backups/mongo_20260826_0946/test_database/beta_testers.bson`
2026-08-26T09:46:24.997+0000	done dumping `test_database.mark_reports` (5 documents)
2026-08-26T09:46:24.997+0000	writing `test_database.group_members` to `/app/backups/mongo_20260826_0946/test_database/group_members.bson`
2026-08-26T09:46:25.000+0000	done dumping `test_database.report_messages` (5 documents)
2026-08-26T09:46:25.000+0000	writing `test_database.groups` to `/app/backups/mongo_20260826_0946/test_database/groups.bson`
2026-08-26T09:46:25.004+0000	done dumping `test_database.saved_routes` (4 documents)
2026-08-26T09:46:25.004+0000	writing `test_database.user_sessions` to `/app/backups/mongo_20260826_0946/test_database/user_sessions.bson`
2026-08-26T09:46:25.007+0000	done dumping `test_database.beta_testers` (1 document)
2026-08-26T09:46:25.007+0000	writing `test_database.referrals` to `/app/backups/mongo_20260826_0946/test_database/referrals.bson`
2026-08-26T09:46:25.011+0000	done dumping `test_database.group_members` (1 document)
2026-08-26T09:46:25.011+0000	writing `test_database.otp_codes` to `/app/backups/mongo_20260826_0946/test_database/otp_codes.bson`
2026-08-26T09:46:25.018+0000	done dumping `test_database.groups` (1 document)
2026-08-26T09:46:25.018+0000	writing `test_database.wind_cache` to `/app/backups/mongo_20260826_0946/test_database/wind_cache.bson`
2026-08-26T09:46:25.020+0000	done dumping `test_database.referrals` (0 documents)
2026-08-26T09:46:25.020+0000	writing `test_database.friend_requests` to `/app/backups/mongo_20260826_0946/test_database/friend_requests.bson`
2026-08-26T09:46:25.022+0000	done dumping `test_database.otp_codes` (0 documents)
2026-08-26T09:46:25.024+0000	done dumping `test_database.wind_cache` (0 documents)
2026-08-26T09:46:25.026+0000	done dumping `test_database.friend_requests` (0 documents)
2026-08-26T09:46:25.028+0000	done dumping `test_database.user_sessions` (0 documents)
[2026-08-26 09:46:25] backup OK → mongo_20260826_0946.tar.gz (14M)
[2026-08-26 09:46:25] rotation: supprimé mongo_20260813_1934.tar.gz
[2026-08-27 10:06:15] backup start → mongo_20260827_1006 (db=test_database)
2026-08-27T10:06:15.547+0000	writing `test_database.notifications` to `/app/backups/mongo_20260827_1006/test_database/notifications.bson`
2026-08-27T10:06:15.547+0000	writing `test_database.computed_routes` to `/app/backups/mongo_20260827_1006/test_database/computed_routes.bson`
2026-08-27T10:06:15.547+0000	writing `test_database.points_history` to `/app/backups/mongo_20260827_1006/test_database/points_history.bson`
2026-08-27T10:06:15.547+0000	writing `test_database.users` to `/app/backups/mongo_20260827_1006/test_database/users.bson`
2026-08-27T10:06:15.549+0000	done dumping `test_database.users` (203 documents)
2026-08-27T10:06:15.549+0000	writing `test_database.tts_cache` to `/app/backups/mongo_20260827_1006/test_database/tts_cache.bson`
2026-08-27T10:06:15.561+0000	done dumping `test_database.notifications` (1905 documents)
2026-08-27T10:06:15.561+0000	writing `test_database.reports` to `/app/backups/mongo_20260827_1006/test_database/reports.bson`
2026-08-27T10:06:15.561+0000	done dumping `test_database.points_history` (459 documents)
2026-08-27T10:06:15.561+0000	writing `test_database.support_screenshots` to `/app/backups/mongo_20260827_1006/test_database/support_screenshots.bson`
2026-08-27T10:06:15.562+0000	done dumping `test_database.reports` (50 documents)
2026-08-27T10:06:15.562+0000	writing `test_database.group_invitations` to `/app/backups/mongo_20260827_1006/test_database/group_invitations.bson`
2026-08-27T10:06:15.595+0000	done dumping `test_database.group_invitations` (25 documents)
2026-08-27T10:06:15.595+0000	writing `test_database.support_upload_sessions` to `/app/backups/mongo_20260827_1006/test_database/support_upload_sessions.bson`
2026-08-27T10:06:15.603+0000	done dumping `test_database.tts_cache` (69 documents)
2026-08-27T10:06:15.603+0000	writing `test_database.sea_cache` to `/app/backups/mongo_20260827_1006/test_database/sea_cache.bson`
2026-08-27T10:06:15.673+0000	done dumping `test_database.sea_cache` (18 documents)
2026-08-27T10:06:15.673+0000	writing `test_database.diagnostics` to `/app/backups/mongo_20260827_1006/test_database/diagnostics.bson`
2026-08-27T10:06:15.679+0000	done dumping `test_database.support_upload_sessions` (20 documents)
2026-08-27T10:06:15.679+0000	writing `test_database.report_messages` to `/app/backups/mongo_20260827_1006/test_database/report_messages.bson`
2026-08-27T10:06:15.680+0000	done dumping `test_database.diagnostics` (14 documents)
2026-08-27T10:06:15.680+0000	writing `test_database.coast_cache` to `/app/backups/mongo_20260827_1006/test_database/coast_cache.bson`
2026-08-27T10:06:15.682+0000	done dumping `test_database.report_messages` (9 documents)
2026-08-27T10:06:15.682+0000	writing `test_database.engines` to `/app/backups/mongo_20260827_1006/test_database/engines.bson`
2026-08-27T10:06:15.683+0000	done dumping `test_database.engines` (8 documents)
2026-08-27T10:06:15.683+0000	writing `test_database.mark_reports` to `/app/backups/mongo_20260827_1006/test_database/mark_reports.bson`
2026-08-27T10:06:15.684+0000	done dumping `test_database.coast_cache` (8 documents)
2026-08-27T10:06:15.684+0000	writing `test_database.saved_routes` to `/app/backups/mongo_20260827_1006/test_database/saved_routes.bson`
2026-08-27T10:06:15.685+0000	done dumping `test_database.mark_reports` (7 documents)
2026-08-27T10:06:15.685+0000	writing `test_database.groups` to `/app/backups/mongo_20260827_1006/test_database/groups.bson`
2026-08-27T10:06:15.688+0000	done dumping `test_database.saved_routes` (6 documents)
2026-08-27T10:06:15.688+0000	writing `test_database.beta_testers` to `/app/backups/mongo_20260827_1006/test_database/beta_testers.bson`
2026-08-27T10:06:15.689+0000	done dumping `test_database.support_screenshots` (37 documents)
2026-08-27T10:06:15.689+0000	writing `test_database.group_members` to `/app/backups/mongo_20260827_1006/test_database/group_members.bson`
2026-08-27T10:06:15.689+0000	done dumping `test_database.groups` (1 document)
2026-08-27T10:06:15.689+0000	writing `test_database.otp_codes` to `/app/backups/mongo_20260827_1006/test_database/otp_codes.bson`
2026-08-27T10:06:15.690+0000	done dumping `test_database.beta_testers` (1 document)
2026-08-27T10:06:15.690+0000	writing `test_database.friend_requests` to `/app/backups/mongo_20260827_1006/test_database/friend_requests.bson`
2026-08-27T10:06:15.695+0000	done dumping `test_database.group_members` (1 document)
2026-08-27T10:06:15.695+0000	writing `test_database.referrals` to `/app/backups/mongo_20260827_1006/test_database/referrals.bson`
2026-08-27T10:06:15.696+0000	done dumping `test_database.friend_requests` (0 documents)
2026-08-27T10:06:15.696+0000	writing `test_database.support_uploads` to `/app/backups/mongo_20260827_1006/test_database/support_uploads.bson`
2026-08-27T10:06:15.696+0000	done dumping `test_database.support_uploads` (0 documents)
2026-08-27T10:06:15.696+0000	writing `test_database.user_sessions` to `/app/backups/mongo_20260827_1006/test_database/user_sessions.bson`
2026-08-27T10:06:15.697+0000	done dumping `test_database.otp_codes` (0 documents)
2026-08-27T10:06:15.697+0000	writing `test_database.wind_cache` to `/app/backups/mongo_20260827_1006/test_database/wind_cache.bson`
2026-08-27T10:06:15.698+0000	done dumping `test_database.user_sessions` (0 documents)
2026-08-27T10:06:15.699+0000	done dumping `test_database.referrals` (0 documents)
2026-08-27T10:06:15.699+0000	done dumping `test_database.wind_cache` (0 documents)
2026-08-27T10:06:15.722+0000	done dumping `test_database.computed_routes` (1252 documents)
[2026-08-27 10:06:17] backup OK → mongo_20260827_1006.tar.gz (22M)
[2026-08-27 10:06:17] rotation: supprimé mongo_20260816_0826.tar.gz
[2026-08-28 11:53:40] backup start → mongo_20260828_1153 (db=test_database)
2026-08-28T11:53:40.588+0000	writing `test_database.notifications` to `/app/backups/mongo_20260828_1153/test_database/notifications.bson`
2026-08-28T11:53:40.588+0000	writing `test_database.computed_routes` to `/app/backups/mongo_20260828_1153/test_database/computed_routes.bson`
2026-08-28T11:53:40.588+0000	writing `test_database.users` to `/app/backups/mongo_20260828_1153/test_database/users.bson`
2026-08-28T11:53:40.589+0000	writing `test_database.points_history` to `/app/backups/mongo_20260828_1153/test_database/points_history.bson`
2026-08-28T11:53:40.591+0000	done dumping `test_database.users` (203 documents)
2026-08-28T11:53:40.591+0000	writing `test_database.tts_cache` to `/app/backups/mongo_20260828_1153/test_database/tts_cache.bson`
2026-08-28T11:53:40.592+0000	done dumping `test_database.points_history` (459 documents)
2026-08-28T11:53:40.592+0000	writing `test_database.support_screenshots` to `/app/backups/mongo_20260828_1153/test_database/support_screenshots.bson`
2026-08-28T11:53:40.596+0000	done dumping `test_database.notifications` (1905 documents)
2026-08-28T11:53:40.596+0000	writing `test_database.group_invitations` to `/app/backups/mongo_20260828_1153/test_database/group_invitations.bson`
2026-08-28T11:53:40.601+0000	done dumping `test_database.group_invitations` (25 documents)
2026-08-28T11:53:40.601+0000	writing `test_database.support_upload_sessions` to `/app/backups/mongo_20260828_1153/test_database/support_upload_sessions.bson`
2026-08-28T11:53:40.602+0000	done dumping `test_database.support_upload_sessions` (20 documents)
2026-08-28T11:53:40.602+0000	writing `test_database.sea_cache` to `/app/backups/mongo_20260828_1153/test_database/sea_cache.bson`
2026-08-28T11:53:40.603+0000	done dumping `test_database.sea_cache` (18 documents)
2026-08-28T11:53:40.603+0000	writing `test_database.diagnostics` to `/app/backups/mongo_20260828_1153/test_database/diagnostics.bson`
2026-08-28T11:53:40.604+0000	done dumping `test_database.diagnostics` (14 documents)
2026-08-28T11:53:40.604+0000	writing `test_database.report_messages` to `/app/backups/mongo_20260828_1153/test_database/report_messages.bson`
2026-08-28T11:53:40.605+0000	done dumping `test_database.report_messages` (9 documents)
2026-08-28T11:53:40.605+0000	writing `test_database.coast_cache` to `/app/backups/mongo_20260828_1153/test_database/coast_cache.bson`
2026-08-28T11:53:40.606+0000	done dumping `test_database.tts_cache` (69 documents)
2026-08-28T11:53:40.606+0000	writing `test_database.engines` to `/app/backups/mongo_20260828_1153/test_database/engines.bson`
2026-08-28T11:53:40.606+0000	done dumping `test_database.coast_cache` (8 documents)
2026-08-28T11:53:40.606+0000	writing `test_database.mark_reports` to `/app/backups/mongo_20260828_1153/test_database/mark_reports.bson`
2026-08-28T11:53:40.606+0000	done dumping `test_database.engines` (8 documents)
2026-08-28T11:53:40.606+0000	writing `test_database.saved_routes` to `/app/backups/mongo_20260828_1153/test_database/saved_routes.bson`
2026-08-28T11:53:40.607+0000	done dumping `test_database.mark_reports` (8 documents)
2026-08-28T11:53:40.607+0000	writing `test_database.reports` to `/app/backups/mongo_20260828_1153/test_database/reports.bson`
2026-08-28T11:53:40.608+0000	done dumping `test_database.saved_routes` (7 documents)
2026-08-28T11:53:40.608+0000	writing `test_database.group_members` to `/app/backups/mongo_20260828_1153/test_database/group_members.bson`
2026-08-28T11:53:40.608+0000	done dumping `test_database.reports` (2 documents)
2026-08-28T11:53:40.608+0000	writing `test_database.beta_testers` to `/app/backups/mongo_20260828_1153/test_database/beta_testers.bson`
2026-08-28T11:53:40.608+0000	done dumping `test_database.group_members` (1 document)
2026-08-28T11:53:40.608+0000	writing `test_database.groups` to `/app/backups/mongo_20260828_1153/test_database/groups.bson`
2026-08-28T11:53:40.610+0000	done dumping `test_database.beta_testers` (1 document)
2026-08-28T11:53:40.610+0000	writing `test_database.friend_requests` to `/app/backups/mongo_20260828_1153/test_database/friend_requests.bson`
2026-08-28T11:53:40.610+0000	done dumping `test_database.groups` (1 document)
2026-08-28T11:53:40.610+0000	writing `test_database.referrals` to `/app/backups/mongo_20260828_1153/test_database/referrals.bson`
2026-08-28T11:53:40.611+0000	done dumping `test_database.friend_requests` (0 documents)
2026-08-28T11:53:40.611+0000	writing `test_database.user_sessions` to `/app/backups/mongo_20260828_1153/test_database/user_sessions.bson`
2026-08-28T11:53:40.612+0000	done dumping `test_database.user_sessions` (0 documents)
2026-08-28T11:53:40.612+0000	writing `test_database.otp_codes` to `/app/backups/mongo_20260828_1153/test_database/otp_codes.bson`
2026-08-28T11:53:40.612+0000	done dumping `test_database.referrals` (0 documents)
2026-08-28T11:53:40.612+0000	writing `test_database.support_uploads` to `/app/backups/mongo_20260828_1153/test_database/support_uploads.bson`
2026-08-28T11:53:40.612+0000	done dumping `test_database.support_uploads` (0 documents)
2026-08-28T11:53:40.612+0000	writing `test_database.wind_cache` to `/app/backups/mongo_20260828_1153/test_database/wind_cache.bson`
2026-08-28T11:53:40.613+0000	done dumping `test_database.otp_codes` (0 documents)
2026-08-28T11:53:40.613+0000	done dumping `test_database.wind_cache` (0 documents)
2026-08-28T11:53:40.621+0000	done dumping `test_database.support_screenshots` (37 documents)
2026-08-28T11:53:40.652+0000	done dumping `test_database.computed_routes` (1440 documents)
[2026-08-28 11:53:42] backup OK → mongo_20260828_1153.tar.gz (23M)
[2026-08-28 11:53:42] rotation: supprimé mongo_20260818_1109.tar.gz
[2026-08-31 07:06:42] backup start → mongo_20260831_0706 (db=test_database)
2026-08-31T07:06:42.580+0000	writing `test_database.notifications` to `/app/backups/mongo_20260831_0706/test_database/notifications.bson`
2026-08-31T07:06:42.580+0000	writing `test_database.computed_routes` to `/app/backups/mongo_20260831_0706/test_database/computed_routes.bson`
2026-08-31T07:06:42.580+0000	writing `test_database.points_history` to `/app/backups/mongo_20260831_0706/test_database/points_history.bson`
2026-08-31T07:06:42.581+0000	writing `test_database.users` to `/app/backups/mongo_20260831_0706/test_database/users.bson`
2026-08-31T07:06:42.583+0000	done dumping `test_database.users` (203 documents)
2026-08-31T07:06:42.583+0000	writing `test_database.tts_cache` to `/app/backups/mongo_20260831_0706/test_database/tts_cache.bson`
2026-08-31T07:06:42.584+0000	done dumping `test_database.points_history` (460 documents)
2026-08-31T07:06:42.584+0000	writing `test_database.support_screenshots` to `/app/backups/mongo_20260831_0706/test_database/support_screenshots.bson`
2026-08-31T07:06:42.587+0000	done dumping `test_database.notifications` (1905 documents)
2026-08-31T07:06:42.587+0000	writing `test_database.group_invitations` to `/app/backups/mongo_20260831_0706/test_database/group_invitations.bson`
2026-08-31T07:06:42.593+0000	done dumping `test_database.group_invitations` (25 documents)
2026-08-31T07:06:42.593+0000	writing `test_database.support_upload_sessions` to `/app/backups/mongo_20260831_0706/test_database/support_upload_sessions.bson`
2026-08-31T07:06:42.594+0000	done dumping `test_database.support_upload_sessions` (20 documents)
2026-08-31T07:06:42.594+0000	writing `test_database.sea_cache` to `/app/backups/mongo_20260831_0706/test_database/sea_cache.bson`
2026-08-31T07:06:42.595+0000	done dumping `test_database.sea_cache` (18 documents)
2026-08-31T07:06:42.595+0000	writing `test_database.diagnostics` to `/app/backups/mongo_20260831_0706/test_database/diagnostics.bson`
2026-08-31T07:06:42.596+0000	done dumping `test_database.diagnostics` (14 documents)
2026-08-31T07:06:42.596+0000	writing `test_database.report_messages` to `/app/backups/mongo_20260831_0706/test_database/report_messages.bson`
2026-08-31T07:06:42.597+0000	done dumping `test_database.tts_cache` (69 documents)
2026-08-31T07:06:42.597+0000	writing `test_database.coast_cache` to `/app/backups/mongo_20260831_0706/test_database/coast_cache.bson`
2026-08-31T07:06:42.598+0000	done dumping `test_database.coast_cache` (8 documents)
2026-08-31T07:06:42.598+0000	writing `test_database.engines` to `/app/backups/mongo_20260831_0706/test_database/engines.bson`
2026-08-31T07:06:42.598+0000	done dumping `test_database.report_messages` (9 documents)
2026-08-31T07:06:42.598+0000	writing `test_database.mark_reports` to `/app/backups/mongo_20260831_0706/test_database/mark_reports.bson`
2026-08-31T07:06:42.599+0000	done dumping `test_database.engines` (8 documents)
2026-08-31T07:06:42.599+0000	writing `test_database.saved_routes` to `/app/backups/mongo_20260831_0706/test_database/saved_routes.bson`
2026-08-31T07:06:42.599+0000	done dumping `test_database.mark_reports` (8 documents)
2026-08-31T07:06:42.599+0000	writing `test_database.group_members` to `/app/backups/mongo_20260831_0706/test_database/group_members.bson`
2026-08-31T07:06:42.600+0000	done dumping `test_database.saved_routes` (7 documents)
2026-08-31T07:06:42.600+0000	writing `test_database.beta_testers` to `/app/backups/mongo_20260831_0706/test_database/beta_testers.bson`
2026-08-31T07:06:42.601+0000	done dumping `test_database.group_members` (1 document)
2026-08-31T07:06:42.601+0000	writing `test_database.groups` to `/app/backups/mongo_20260831_0706/test_database/groups.bson`
2026-08-31T07:06:42.601+0000	done dumping `test_database.beta_testers` (1 document)
2026-08-31T07:06:42.601+0000	writing `test_database.friend_requests` to `/app/backups/mongo_20260831_0706/test_database/friend_requests.bson`
2026-08-31T07:06:42.602+0000	done dumping `test_database.friend_requests` (0 documents)
2026-08-31T07:06:42.602+0000	writing `test_database.reports` to `/app/backups/mongo_20260831_0706/test_database/reports.bson`
2026-08-31T07:06:42.603+0000	done dumping `test_database.reports` (0 documents)
2026-08-31T07:06:42.603+0000	writing `test_database.referrals` to `/app/backups/mongo_20260831_0706/test_database/referrals.bson`
2026-08-31T07:06:42.604+0000	done dumping `test_database.groups` (1 document)
2026-08-31T07:06:42.604+0000	writing `test_database.user_sessions` to `/app/backups/mongo_20260831_0706/test_database/user_sessions.bson`
2026-08-31T07:06:42.604+0000	done dumping `test_database.referrals` (0 documents)
2026-08-31T07:06:42.604+0000	writing `test_database.otp_codes` to `/app/backups/mongo_20260831_0706/test_database/otp_codes.bson`
2026-08-31T07:06:42.605+0000	done dumping `test_database.user_sessions` (0 documents)
2026-08-31T07:06:42.605+0000	writing `test_database.support_uploads` to `/app/backups/mongo_20260831_0706/test_database/support_uploads.bson`
2026-08-31T07:06:42.605+0000	done dumping `test_database.otp_codes` (0 documents)
2026-08-31T07:06:42.605+0000	writing `test_database.wind_cache` to `/app/backups/mongo_20260831_0706/test_database/wind_cache.bson`
2026-08-31T07:06:42.606+0000	done dumping `test_database.support_uploads` (0 documents)
2026-08-31T07:06:42.606+0000	done dumping `test_database.wind_cache` (0 documents)
2026-08-31T07:06:42.611+0000	done dumping `test_database.support_screenshots` (37 documents)
2026-08-31T07:06:42.638+0000	done dumping `test_database.computed_routes` (1440 documents)
[2026-08-31 07:06:44] backup OK → mongo_20260831_0706.tar.gz (23M)
[2026-08-31 07:06:44] rotation: supprimé mongo_20260820_0738.tar.gz
